<CrossAssetModel>
	<DomesticCcy>USD</DomesticCcy>
	<Currencies>
		<Currency>USD</Currency>
		<Currency>EUR</Currency>
	</Currencies>
	<Equities/>
	<InflationIndices/>
	<CreditNames/>
	<Commodities>
		<Commodity>COMDTY_WTI_USD</Commodity>
	</Commodities>
	<BootstrapTolerance>0.0001</BootstrapTolerance>
	<Measure/>
	<Discretization>Exact</Discretization>
	<SalvagingAlgorithm>None</SalvagingAlgorithm>
	<InterestRateModels>
		<LGM key="USD">
			<CalibrationType>Bootstrap</CalibrationType>
			<Volatility>
				<Calibrate>false</Calibrate>
				<VolatilityType>Hagan</VolatilityType>
				<ParamType>Piecewise</ParamType>
				<TimeGrid>1.00548, 2.0027397260273974, 4.0027397260273974, 6.0109589041095894, 8.0054794520547947, 10.008219178082191, 12.013698630136986, 14.010958904109589, 16.010958904109589, 18.016438356164382</TimeGrid>
				<InitialValue>0.0124353, 0.012410192969696828, 0.012011122010993984, 0.01295905221908419, 0.013501613234930954, 0.012984734283705703, 0.013364385843332594, 0.012170179582370618, 0.011375010326476042, 0.01326736622444807, 0.014648799702543751</InitialValue>
			</Volatility>
			<Reversion>
				<Calibrate>false</Calibrate>
				<ReversionType>HullWhite</ReversionType>
				<ParamType>Constant</ParamType>
				<TimeGrid/>
				<InitialValue>0.03</InitialValue>
			</Reversion>
			<ParameterTransformation>
				<ShiftHorizon>0.0000000000000000</ShiftHorizon>
				<Scaling>1</Scaling>
			</ParameterTransformation>
			<FloatSpreadMapping>ProRata</FloatSpreadMapping>
			<CalibrationSwaptions>
				<Expiries>1Y, 2Y, 4Y, 6Y, 8Y, 10Y, 12Y, 14Y, 16Y, 18Y, 19Y</Expiries>
				<Terms>19Y, 18Y, 16Y, 14Y, 12Y, 10Y, 8Y, 6Y, 4Y, 2Y, 1Y</Terms>
				<Strikes>ATM, ATM, ATM, ATM, ATM, ATM, ATM, ATM, ATM, ATM, ATM</Strikes>
			</CalibrationSwaptions>
		</LGM>
		<LGM key="EUR">
			<CalibrationType>Bootstrap</CalibrationType>
			<Volatility>
				<Calibrate>false</Calibrate>
				<VolatilityType>Hagan</VolatilityType>
				<ParamType>Piecewise</ParamType>
				<TimeGrid>1.00548, 2.0027397260273974, 4.0027397260273974, 6.0109589041095894, 8.0054794520547947, 10.008219178082191, 12.013698630136986, 14.010958904109589, 16.010958904109589, 18.016438356164382</TimeGrid>
				<InitialValue>0.0106964, 0.010402243447878537, 0.010747828833924512, 0.011273748006666442, 0.012142735313596551, 0.013511173484148969, 0.014044339065144107, 0.013626446166579362, 0.015666992844795637, 0.014688330368925848, 0.0089598105679334957</InitialValue>
			</Volatility>
			<Reversion>
				<Calibrate>false</Calibrate>
				<ReversionType>HullWhite</ReversionType>
				<ParamType>Constant</ParamType>
				<TimeGrid/>
				<InitialValue>0.03</InitialValue>
			</Reversion>
			<ParameterTransformation>
				<ShiftHorizon>0.0000000000000000</ShiftHorizon>
				<Scaling>1</Scaling>
			</ParameterTransformation>
			<FloatSpreadMapping>ProRata</FloatSpreadMapping>
			<CalibrationSwaptions>
				<Expiries>1Y, 2Y, 4Y, 6Y, 8Y, 10Y, 12Y, 14Y, 16Y, 18Y, 19Y</Expiries>
				<Terms>19Y, 18Y, 16Y, 14Y, 12Y, 10Y, 8Y, 6Y, 4Y, 2Y, 1Y</Terms>
				<Strikes>ATM, ATM, ATM, ATM, ATM, ATM, ATM, ATM, ATM, ATM, ATM</Strikes>
			</CalibrationSwaptions>
		</LGM>
	</InterestRateModels>
	<ForeignExchangeModels>
		<CrossCcyLGM foreignCcy="EUR">
			<DomesticCcy>USD</DomesticCcy>
			<CalibrationType>Bootstrap</CalibrationType>
			<Sigma>
				<Calibrate>false</Calibrate>
				<ParamType>Piecewise</ParamType>
				<TimeGrid>1.00274, 2.0027397260273974, 3.0027397260273974, 4.0027397260273974, 5.0054794520547947</TimeGrid>
				<InitialValue>0.120575, 0.11839078745748131, 0.12374561842267762, 0.13460568100117085, 0.13047680361898914, 0.1118611263322184</InitialValue>
			</Sigma>
			<CalibrationOptions>
				<Expiries>1Y, 2Y, 3Y, 4Y, 5Y, 10Y</Expiries>
				<Strikes>ATMF, ATMF, ATMF, ATMF, ATMF, ATMF</Strikes>
			</CalibrationOptions>
		</CrossCcyLGM>
	</ForeignExchangeModels>
	<EquityModels/>
	<InflationIndexModels/>
	<CreditModels/>
	<CommodityModels>
		<CommoditySchwartz name="COMDTY_WTI_USD">
			<Currency>USD</Currency>
			<CalibrationType>BestFit</CalibrationType>
			<Sigma>
				<Calibrate>false</Calibrate>
				<InitialValue>0.10776424788612028</InitialValue>
			</Sigma>
			<Kappa>
				<Calibrate>false</Calibrate>
				<InitialValue>0.0000000000000000</InitialValue>
			</Kappa>
			<CalibrationOptions>
				<Expiries>1Y, 2Y, 3Y, 4Y, 5Y, 10Y</Expiries>
				<Strikes>ATMF, ATMF, ATMF, ATMF, ATMF, ATMF</Strikes>
			</CalibrationOptions>
			<DriftFreeState>true</DriftFreeState>
		</CommoditySchwartz>
	</CommodityModels>
	<CreditStates>
		<NumberOfFactors>0</NumberOfFactors>
	</CreditStates>
	<InstantaneousCorrelations>
		<Correlation factor1="IR:EUR" index1="0" factor2="IR:USD" index2="0">0.3</Correlation>
		<Correlation factor1="IR:EUR" index1="0" factor2="FX:USDEUR" index2="0">0</Correlation>
		<Correlation factor1="IR:USD" index1="0" factor2="FX:USDEUR" index2="0">0</Correlation>
	</InstantaneousCorrelations>
</CrossAssetModel>

