#TradeId,Date,Time,EPE,ENE,AllocatedEPE,AllocatedENE,PFE,BaselEE,BaselEEE,TimeWeightedBaselEPE,TimeWeightedBaselEEPE
CC_SWAP_EUR_USD,2016-02-05,0.000000,0,28877550,0,0,0,0,0,0.00,0.00
CC_SWAP_EUR_USD,2016-05-06,0.248634,674819,29552368,0,0,4960470,678231,678231,678231.30,678231.30
CC_SWAP_EUR_USD,2016-08-05,0.497268,723157,29314032,0,0,935790,730470,730470,704350.81,704350.81
CC_SWAP_EUR_USD,2016-11-07,0.754098,192987,28783862,0,0,200133,195946,730470,531198.56,713246.58
CC_SWAP_EUR_USD,2017-02-06,1.003002,1171790,28620688,0,0,7691426,1195687,1195687,696096.88,832968.14
CC_SWAP_EUR_USD,2017-05-05,1.244098,1215776,28664674,0,0,0,1246632,1246632,802786.07,913132.81
CC_SWAP_EUR_USD,2017-08-07,1.501632,1757930,28104767,0,0,10161919,1811915,1811915,975854.67,1067276.62
CC_SWAP_EUR_USD,2017-11-06,1.750947,1556712,27903548,0,0,6060948,1612549,1811915,1066512.70,1173304.76
CC_SWAP_EUR_USD,2018-02-05,2.000262,1554483,26511045,0,0,5805016,1618259,1811915,1135283.07,1252901.94
CC_SWAP_EUR_USD,2018-05-08,2.252317,1652059,26608621,0,0,11670755,1728559,1811915,1201676.02,1315460.63
CC_SWAP_EUR_USD,2018-08-06,2.498892,1869550,25782841,0,0,13154048,1965827,1965827,1277077.70,1379634.75
CC_SWAP_EUR_USD,2018-11-05,2.748207,2321774,26235066,0,0,15674776,2453589,2453589,1383809.84,1477063.00
CC_SWAP_EUR_USD,2019-02-05,3.000262,1955339,24842676,0,0,4327005,2076832,2453589,1442031.28,1559101.87
CC_SWAP_EUR_USD,2019-05-07,3.249577,2006886,24894224,0,0,5248117,2142278,2453589,1495755.85,1627729.00
CC_SWAP_EUR_USD,2019-08-05,3.496152,2398938,24348553,0,0,12537928,2573487,2573487,1571765.65,1694431.05
CC_SWAP_EUR_USD,2019-11-05,3.748207,2163356,24112971,0,0,13469942,2332536,2573487,1622925.01,1753544.69
CC_SWAP_EUR_USD,2020-02-05,4.000000,2369046,23380540,0,0,16676757,2567270,2573487,1682369.84,1805158.57
CC_SWAP_EUR_USD,2020-05-05,4.245902,2580323,23591817,0,0,16320460,2810101,2810101,1747682.46,1863359.86
CC_SWAP_EUR_USD,2020-08-05,4.497268,2529167,22713155,0,0,18287670,2768362,2810101,1804731.36,1916276.13
CC_SWAP_EUR_USD,2020-11-05,4.748634,2581200,22765188,0,0,18229614,2839648,2839648,1859514.05,1965154.26
CC_SWAP_EUR_USD,2021-02-05,5.000262,2859742,22231153,0,0,19564288,3162039,3162039,1925060.98,2025385.07
CC_SWAP_EUR_USD,2021-05-05,5.244098,2832298,22203709,0,0,20380606,3147062,3162039,1981880.53,2078236.23
CC_SWAP_EUR_USD,2021-08-05,5.496152,3176191,21832203,0,0,21172238,3547075,3547075,2053660.71,2145597.51
CC_SWAP_EUR_USD,2021-11-05,5.748207,2866299,21522310,0,0,21472382,3217235,3547075,2104682.61,2207051.30
CC_SWAP_EUR_USD,2022-02-07,6.005741,3128670,21078500,0,0,21992430,3529932,3547075,2165799.21,2264513.32
CC_SWAP_EUR_USD,2022-05-05,6.244098,2940463,20890293,0,0,22647914,3333499,3547075,2210373.85,2313472.59
CC_SWAP_EUR_USD,2022-08-05,6.496152,3550163,20875376,0,0,23562644,4045111,4045111,2281562.80,2380661.25
CC_SWAP_EUR_USD,2022-11-07,6.753687,3211125,20536339,0,0,20445598,3677772,4045111,2334803.59,2444130.70
CC_SWAP_EUR_USD,2023-02-06,7.003002,3553423,20224133,0,0,24728748,4090233,4090233,2397298.95,2502733.88
CC_SWAP_EUR_USD,2023-05-05,7.244098,3799760,20470470,0,0,25021204,4395004,4395004,2463785.98,2565711.86
CC_SWAP_EUR_USD,2023-08-07,7.501632,3890494,19958154,0,0,23079796,4523276,4523276,2534489.17,2632915.90
CC_SWAP_EUR_USD,2023-11-06,7.750947,3754702,19822362,0,0,27931176,4387301,4523276,2594086.28,2693720.78
CC_SWAP_EUR_USD,2024-02-05,8.000000,3956443,19408210,0,0,26117334,4646229,4646229,2657972.82,2754505.53
CC_SWAP_EUR_USD,2024-05-07,8.251366,3873692,19325460,0,0,24929822,4572126,4646229,2716284.76,2812134.18
CC_SWAP_EUR_USD,2024-08-05,8.497268,4150949,19022292,0,0,27155768,4923684,4923684,2780164.47,2873240.12
CC_SWAP_EUR_USD,2024-11-05,8.748634,4122934,18994277,0,0,24395224,4915260,4923684,2841510.14,2932153.55
CC_SWAP_EUR_USD,2025-02-05,9.000262,4061836,18355375,0,0,22909202,4866983,4923684,2898138.04,2987832.49
CC_SWAP_EUR_USD,2025-05-06,9.246837,4177118,18470657,0,0,22008332,5029954,5029954,2954984.87,3042287.53
CC_SWAP_EUR_USD,2025-08-05,9.496152,4297657,18075313,0,0,26286464,5201070,5201070,3013954.32,3098964.91
CC_SWAP_EUR_USD,2025-11-05,9.748207,4279580,18057236,0,0,25927050,5205467,5205467,3070619.24,3153431.75
CC_SWAP_EUR_USD,2026-02-05,10.000262,0,0,0,0,0,0,5205467,2993224.84,3205152.93
CC_SWAP_EUR_USD,2026-05-05,10.244098,0,0,0,0,0,0,5205467,0.00,0.00
CC_SWAP_EUR_USD,2026-08-05,10.496152,0,0,0,0,0,0,5205467,0.00,0.00
CC_SWAP_EUR_USD,2026-11-05,10.748207,0,0,0,0,0,0,5205467,0.00,0.00
CC_SWAP_EUR_USD,2027-02-05,11.000262,0,0,0,0,0,0,5205467,0.00,0.00
CC_SWAP_EUR_USD,2027-05-05,11.244098,0,0,0,0,0,0,5205467,0.00,0.00
CC_SWAP_EUR_USD,2027-08-05,11.496152,0,0,0,0,0,0,5205467,0.00,0.00
CC_SWAP_EUR_USD,2027-11-05,11.748207,0,0,0,0,0,0,5205467,0.00,0.00
CC_SWAP_EUR_USD,2028-02-07,12.005464,0,0,0,0,0,0,5205467,0.00,0.00
CC_SWAP_EUR_USD,2028-05-05,12.245902,0,0,0,0,0,0,5205467,0.00,0.00
CC_SWAP_EUR_USD,2028-08-07,12.502732,0,0,0,0,0,0,5205467,0.00,0.00
CC_SWAP_EUR_USD,2028-11-06,12.751366,0,0,0,0,0,0,5205467,0.00,0.00
CC_SWAP_EUR_USD,2029-02-05,13.000262,0,0,0,0,0,0,5205467,0.00,0.00
CC_SWAP_EUR_USD,2029-05-08,13.252317,0,0,0,0,0,0,5205467,0.00,0.00
CC_SWAP_EUR_USD,2029-08-06,13.498892,0,0,0,0,0,0,5205467,0.00,0.00
CC_SWAP_EUR_USD,2029-11-05,13.748207,0,0,0,0,0,0,5205467,0.00,0.00
CC_SWAP_EUR_USD,2030-02-05,14.000262,0,0,0,0,0,0,5205467,0.00,0.00
CC_SWAP_EUR_USD,2030-05-07,14.249577,0,0,0,0,0,0,5205467,0.00,0.00
CC_SWAP_EUR_USD,2030-08-05,14.496152,0,0,0,0,0,0,5205467,0.00,0.00
CC_SWAP_EUR_USD,2030-11-05,14.748207,0,0,0,0,0,0,5205467,0.00,0.00
CC_SWAP_EUR_USD,2031-02-05,15.000262,0,0,0,0,0,0,5205467,0.00,0.00
CC_SWAP_EUR_USD,2031-05-06,15.246837,0,0,0,0,0,0,5205467,0.00,0.00
CC_SWAP_EUR_USD,2031-08-05,15.496152,0,0,0,0,0,0,5205467,0.00,0.00
CC_SWAP_EUR_USD,2031-11-05,15.748207,0,0,0,0,0,0,5205467,0.00,0.00
CC_SWAP_EUR_USD,2032-02-05,16.000000,0,0,0,0,0,0,5205467,0.00,0.00
CC_SWAP_EUR_USD,2032-05-05,16.245902,0,0,0,0,0,0,5205467,0.00,0.00
CC_SWAP_EUR_USD,2032-08-05,16.497268,0,0,0,0,0,0,5205467,0.00,0.00
CC_SWAP_EUR_USD,2032-11-05,16.748634,0,0,0,0,0,0,5205467,0.00,0.00
CC_SWAP_EUR_USD,2033-02-07,17.005741,0,0,0,0,0,0,5205467,0.00,0.00
CC_SWAP_EUR_USD,2033-05-05,17.244098,0,0,0,0,0,0,5205467,0.00,0.00
CC_SWAP_EUR_USD,2033-08-05,17.496152,0,0,0,0,0,0,5205467,0.00,0.00
CC_SWAP_EUR_USD,2033-11-07,17.753687,0,0,0,0,0,0,5205467,0.00,0.00
CC_SWAP_EUR_USD,2034-02-06,18.003002,0,0,0,0,0,0,5205467,0.00,0.00
CC_SWAP_EUR_USD,2034-05-05,18.244098,0,0,0,0,0,0,5205467,0.00,0.00
CC_SWAP_EUR_USD,2034-08-07,18.501632,0,0,0,0,0,0,5205467,0.00,0.00
CC_SWAP_EUR_USD,2034-11-06,18.750947,0,0,0,0,0,0,5205467,0.00,0.00
CC_SWAP_EUR_USD,2035-02-05,19.000262,0,0,0,0,0,0,5205467,0.00,0.00
CC_SWAP_EUR_USD,2035-05-08,19.252317,0,0,0,0,0,0,5205467,0.00,0.00
CC_SWAP_EUR_USD,2035-08-06,19.498892,0,0,0,0,0,0,5205467,0.00,0.00
CC_SWAP_EUR_USD,2035-11-05,19.748207,0,0,0,0,0,0,5205467,0.00,0.00
CC_SWAP_EUR_USD,2036-02-05,20.000000,0,0,0,0,0,0,5205467,0.00,0.00
CC_SWAP_EUR_USD,2036-05-06,20.248634,0,0,0,0,0,0,5205467,0.00,0.00
CC_SWAP_EUR_USD,2036-08-05,20.497268,0,0,0,0,0,0,5205467,0.00,0.00
CC_SWAP_EUR_USD,2036-11-05,20.748634,0,0,0,0,0,0,5205467,0.00,0.00
CC_SWAP_EUR_USD,2037-02-05,21.000262,0,0,0,0,0,0,5205467,0.00,0.00
CC_SWAP_EUR_USD,2037-05-05,21.244098,0,0,0,0,0,0,5205467,0.00,0.00
CC_SWAP_EUR_USD,2037-08-05,21.496152,0,0,0,0,0,0,5205467,0.00,0.00
CC_SWAP_EUR_USD,2037-11-05,21.748207,0,0,0,0,0,0,5205467,0.00,0.00
CC_SWAP_EUR_USD,2038-02-05,22.000262,0,0,0,0,0,0,5205467,0.00,0.00
