#TradeId,NettingSetId,CVA,DVA,FBA,FCA,FBAexOwnSP,FCAexOwnSP,FBAexAllSP,FCAexAllSP,COLVA,MVA,OurKVACCR,TheirKVACCR,OurKVACVA,TheirKVACVA,CollateralFloor,AllocatedCVA,AllocatedDVA,AllocationMethod,BaselEPE,BaselEEPE
,CPTY_A,193254.15,2098628.19,1001174.64,-28888.28,1076475.93,-32407.63,1125102.79,-34755.30,0.00,-118643.53,0.00,0.00,0.00,0.00,0.00,193254.15,2098628.19,None,900477.34,1002141.40
BermSwp,CPTY_A,4727.35,215.70,94.24,-700.18,117.78,-792.75,134.73,-855.93,#N/A,#N/A,#N/A,#N/A,#N/A,#N/A,#N/A,0.00,0.00,None,56783.30,56986.33
CC_SWAP_EUR_USD,CPTY_A,149468.34,2111819.59,1008593.75,-22742.04,1082321.10,-25065.01,1129711.06,-26575.19,#N/A,#N/A,#N/A,#N/A,#N/A,#N/A,#N/A,0.00,0.00,None,695325.95,832165.36
FX_CALL_OPTION,CPTY_A,12255.86,133.20,63.41,-1897.76,68.44,-2055.25,71.69,-2157.08,#N/A,#N/A,#N/A,#N/A,#N/A,#N/A,#N/A,0.00,0.00,None,217149.50,217217.46
Swap_EUR,CPTY_A,46808.66,78661.17,36376.81,-6933.50,41290.72,-7849.56,44654.70,-8474.60,#N/A,#N/A,#N/A,#N/A,#N/A,#N/A,#N/A,0.00,0.00,None,569816.58,625222.54
Swap_USD,CPTY_A,67856.28,50655.07,23652.86,-10125.94,26403.46,-11379.12,28271.55,-12229.01,#N/A,#N/A,#N/A,#N/A,#N/A,#N/A,#N/A,0.00,0.00,None,792787.83,895274.40
