<CrossAssetModel>
	<DomesticCcy>EUR</DomesticCcy>
	<Currencies>
		<Currency>EUR</Currency>
		<Currency>GBP</Currency>
	</Currencies>
	<Equities/>
	<InflationIndices>
		<InflationIndex>EUHICPXT</InflationIndex>
		<InflationIndex>UKRPI</InflationIndex>
	</InflationIndices>
	<CreditNames/>
	<Commodities/>
	<BootstrapTolerance>0.0001</BootstrapTolerance>
	<Measure/>
	<Discretization>Exact</Discretization>
	<SalvagingAlgorithm>None</SalvagingAlgorithm>
	<IntegrationPolicy/>
	<PiecewiseIntegration>true</PiecewiseIntegration>
	<InterestRateModels>
		<LGM key="EUR">
			<CalibrationType>Bootstrap</CalibrationType>
			<Volatility>
				<Calibrate>false</Calibrate>
				<VolatilityType>Hagan</VolatilityType>
				<ParamType>Piecewise</ParamType>
				<TimeGrid>5.00548, 10.010958904109589</TimeGrid>
				<InitialValue>0.00789493, 0.0094827298308696878, 0.010333936647227095</InitialValue>
			</Volatility>
			<Reversion>
				<Calibrate>false</Calibrate>
				<ReversionType>HullWhite</ReversionType>
				<ParamType>Constant</ParamType>
				<TimeGrid/>
				<InitialValue>0.03</InitialValue>
			</Reversion>
			<ParameterTransformation>
				<ShiftHorizon>0.0000000000000000</ShiftHorizon>
				<Scaling>1</Scaling>
			</ParameterTransformation>
			<FloatSpreadMapping>ProRata</FloatSpreadMapping>
			<CalibrationSwaptions>
				<Expiries>5Y, 10Y, 15Y</Expiries>
				<Terms>15Y, 10Y, 5Y</Terms>
				<Strikes>ATM, ATM, ATM</Strikes>
			</CalibrationSwaptions>
		</LGM>
		<LGM key="GBP">
			<CalibrationType>Bootstrap</CalibrationType>
			<Volatility>
				<Calibrate>false</Calibrate>
				<VolatilityType>Hagan</VolatilityType>
				<ParamType>Piecewise</ParamType>
				<TimeGrid>5.00548, 10.010958904109589</TimeGrid>
				<InitialValue>0.00858347, 0.0094115652662496944, 0.010521059409912988</InitialValue>
			</Volatility>
			<Reversion>
				<Calibrate>false</Calibrate>
				<ReversionType>HullWhite</ReversionType>
				<ParamType>Constant</ParamType>
				<TimeGrid/>
				<InitialValue>0.03</InitialValue>
			</Reversion>
			<ParameterTransformation>
				<ShiftHorizon>0.0000000000000000</ShiftHorizon>
				<Scaling>1</Scaling>
			</ParameterTransformation>
			<FloatSpreadMapping>ProRata</FloatSpreadMapping>
			<CalibrationSwaptions>
				<Expiries>5Y, 10Y, 15Y</Expiries>
				<Terms>15Y, 10Y, 5Y</Terms>
				<Strikes>ATM, ATM, ATM</Strikes>
			</CalibrationSwaptions>
		</LGM>
	</InterestRateModels>
	<ForeignExchangeModels>
		<CrossCcyLGM foreignCcy="GBP">
			<DomesticCcy>EUR</DomesticCcy>
			<CalibrationType>Bootstrap</CalibrationType>
			<Sigma>
				<Calibrate>false</Calibrate>
				<ParamType>Piecewise</ParamType>
				<TimeGrid>2, 5.0027397260273974, 7.0027397260273974</TimeGrid>
				<InitialValue>0.0818349, 0.080384642340410095, 0.098868453477689286, 0.076500600996576476</InitialValue>
			</Sigma>
			<CalibrationOptions>
				<Expiries>2Y, 5Y, 7Y, 10Y</Expiries>
				<Strikes>ATMF, ATMF, ATMF, ATMF</Strikes>
			</CalibrationOptions>
		</CrossCcyLGM>
	</ForeignExchangeModels>
	<EquityModels/>
	<InflationIndexModels>
		<JarrowYildirim index="EUHICPXT">
			<Currency>EUR</Currency>
			<CalibrationType>Bootstrap</CalibrationType>
			<CalibrationBaskets>
				<CalibrationBasket parameter="Index">
					<CpiCapFloor>
						<Type>Floor</Type>
						<Maturity>2Y</Maturity>
						<Strike>0</Strike>
					</CpiCapFloor>
					<CpiCapFloor>
						<Type>Floor</Type>
						<Maturity>5Y</Maturity>
						<Strike>0</Strike>
					</CpiCapFloor>
					<CpiCapFloor>
						<Type>Floor</Type>
						<Maturity>7Y</Maturity>
						<Strike>0</Strike>
					</CpiCapFloor>
					<CpiCapFloor>
						<Type>Floor</Type>
						<Maturity>10Y</Maturity>
						<Strike>0</Strike>
					</CpiCapFloor>
					<CpiCapFloor>
						<Type>Floor</Type>
						<Maturity>20Y</Maturity>
						<Strike>0</Strike>
					</CpiCapFloor>
				</CalibrationBasket>
				<CalibrationBasket parameter="RealRate">
					<YoYSwap>
						<Tenor>2Y</Tenor>
					</YoYSwap>
					<YoYSwap>
						<Tenor>5Y</Tenor>
					</YoYSwap>
					<YoYSwap>
						<Tenor>7Y</Tenor>
					</YoYSwap>
					<YoYSwap>
						<Tenor>10Y</Tenor>
					</YoYSwap>
					<YoYSwap>
						<Tenor>20Y</Tenor>
					</YoYSwap>
				</CalibrationBasket>
			</CalibrationBaskets>
			<RealRate>
				<Volatility>
					<VolatilityType>Hagan</VolatilityType>
					<Calibrate>false</Calibrate>
					<ParamType>Piecewise</ParamType>
					<TimeGrid>1, 4.0027397260273974, 6.0027397260273974, 9.0054794520547947</TimeGrid>
					<InitialValue>0.0434442, 0.0240055335580357, 0.29327070188091453, 0.66927792694187715, 6.7162963250255947</InitialValue>
				</Volatility>
				<Reversion>
					<ReversionType>HullWhite</ReversionType>
					<Calibrate>false</Calibrate>
					<ParamType>Constant</ParamType>
					<TimeGrid/>
					<InitialValue>0.5</InitialValue>
				</Reversion>
				<ParameterTransformation>
					<ShiftHorizon>0.0000000000000000</ShiftHorizon>
					<Scaling>1</Scaling>
				</ParameterTransformation>
			</RealRate>
			<Index>
				<Volatility>
					<VolatilityType>Hagan</VolatilityType>
					<Calibrate>false</Calibrate>
					<ParamType>Piecewise</ParamType>
					<TimeGrid>2, 5.0027397260273974, 7.0027397260273974, 10.005479452054795</TimeGrid>
					<InitialValue>0.101043, 0.096391836254144866, 0.087949337297592883, 0.076576772836711812, 0.024511440963530078</InitialValue>
				</Volatility>
			</Index>
			<CalibrationConfiguration>
				<RmseTolerance>0.0000000100000000</RmseTolerance>
				<MaxIterations>40</MaxIterations>
				<Constraints>
					<BoundaryConstraint parameter="IndexVolatility">
						<LowerBound>1.0000000000000001e-05</LowerBound>
						<UpperBound>5</UpperBound>
					</BoundaryConstraint>
					<BoundaryConstraint parameter="RealRateVolatility">
						<LowerBound>1.0000000000000001e-05</LowerBound>
						<UpperBound>5</UpperBound>
					</BoundaryConstraint>
				</Constraints>
			</CalibrationConfiguration>
		</JarrowYildirim>
		<JarrowYildirim index="UKRPI">
			<Currency>GBP</Currency>
			<CalibrationType>Bootstrap</CalibrationType>
			<CalibrationBaskets>
				<CalibrationBasket parameter="Index">
					<CpiCapFloor>
						<Type>Floor</Type>
						<Maturity>2Y</Maturity>
						<Strike>0</Strike>
					</CpiCapFloor>
					<CpiCapFloor>
						<Type>Floor</Type>
						<Maturity>5Y</Maturity>
						<Strike>0</Strike>
					</CpiCapFloor>
					<CpiCapFloor>
						<Type>Floor</Type>
						<Maturity>7Y</Maturity>
						<Strike>0</Strike>
					</CpiCapFloor>
					<CpiCapFloor>
						<Type>Floor</Type>
						<Maturity>10Y</Maturity>
						<Strike>0</Strike>
					</CpiCapFloor>
					<CpiCapFloor>
						<Type>Floor</Type>
						<Maturity>20Y</Maturity>
						<Strike>0</Strike>
					</CpiCapFloor>
				</CalibrationBasket>
				<CalibrationBasket parameter="RealRate">
					<YoYSwap>
						<Tenor>2Y</Tenor>
					</YoYSwap>
					<YoYSwap>
						<Tenor>5Y</Tenor>
					</YoYSwap>
					<YoYSwap>
						<Tenor>7Y</Tenor>
					</YoYSwap>
					<YoYSwap>
						<Tenor>10Y</Tenor>
					</YoYSwap>
					<YoYSwap>
						<Tenor>20Y</Tenor>
					</YoYSwap>
				</CalibrationBasket>
			</CalibrationBaskets>
			<RealRate>
				<Volatility>
					<VolatilityType>Hagan</VolatilityType>
					<Calibrate>false</Calibrate>
					<ParamType>Piecewise</ParamType>
					<TimeGrid>1, 4.0027397260273974, 6.0027397260273974, 9.0054794520547947</TimeGrid>
					<InitialValue>0.0816145, 0.01655421383654013, 0.041956949549706503, 0.10815702164799743, 5.1580892260456288</InitialValue>
				</Volatility>
				<Reversion>
					<ReversionType>HullWhite</ReversionType>
					<Calibrate>false</Calibrate>
					<ParamType>Constant</ParamType>
					<TimeGrid/>
					<InitialValue>0.5</InitialValue>
				</Reversion>
				<ParameterTransformation>
					<ShiftHorizon>0.0000000000000000</ShiftHorizon>
					<Scaling>1</Scaling>
				</ParameterTransformation>
			</RealRate>
			<Index>
				<Volatility>
					<VolatilityType>Hagan</VolatilityType>
					<Calibrate>false</Calibrate>
					<ParamType>Piecewise</ParamType>
					<TimeGrid>2, 5.0027397260273974, 7.0027397260273974, 10.005479452054795</TimeGrid>
					<InitialValue>0.0915488, 0.084696285529505158, 0.087879258363343357, 0.081164464269469452, 0.071066405377236061</InitialValue>
				</Volatility>
			</Index>
			<CalibrationConfiguration>
				<RmseTolerance>0.0000000100000000</RmseTolerance>
				<MaxIterations>40</MaxIterations>
				<Constraints>
					<BoundaryConstraint parameter="IndexVolatility">
						<LowerBound>1.0000000000000001e-05</LowerBound>
						<UpperBound>5</UpperBound>
					</BoundaryConstraint>
					<BoundaryConstraint parameter="RealRateVolatility">
						<LowerBound>1.0000000000000001e-05</LowerBound>
						<UpperBound>5</UpperBound>
					</BoundaryConstraint>
				</Constraints>
			</CalibrationConfiguration>
		</JarrowYildirim>
	</InflationIndexModels>
	<CreditModels/>
	<CommodityModels/>
	<CreditStates>
		<NumberOfFactors>0</NumberOfFactors>
	</CreditStates>
	<InstantaneousCorrelations>
		<Correlation factor1="IR:EUR" index1="0" factor2="IR:GBP" index2="0">0.3</Correlation>
		<Correlation factor1="IR:EUR" index1="0" factor2="FX:GBPEUR" index2="0">0</Correlation>
		<Correlation factor1="IR:EUR" index1="0" factor2="INF:EUHICPXT" index2="0">0</Correlation>
		<Correlation factor1="IR:EUR" index1="0" factor2="INF:EUHICPXT" index2="1">0</Correlation>
		<Correlation factor1="IR:EUR" index1="0" factor2="INF:UKRPI" index2="0">0</Correlation>
		<Correlation factor1="IR:EUR" index1="0" factor2="INF:UKRPI" index2="1">0</Correlation>
		<Correlation factor1="IR:GBP" index1="0" factor2="FX:GBPEUR" index2="0">0</Correlation>
		<Correlation factor1="IR:GBP" index1="0" factor2="INF:EUHICPXT" index2="0">0</Correlation>
		<Correlation factor1="IR:GBP" index1="0" factor2="INF:EUHICPXT" index2="1">0</Correlation>
		<Correlation factor1="IR:GBP" index1="0" factor2="INF:UKRPI" index2="0">0</Correlation>
		<Correlation factor1="IR:GBP" index1="0" factor2="INF:UKRPI" index2="1">0</Correlation>
		<Correlation factor1="FX:GBPEUR" index1="0" factor2="INF:EUHICPXT" index2="0">0</Correlation>
		<Correlation factor1="FX:GBPEUR" index1="0" factor2="INF:EUHICPXT" index2="1">0</Correlation>
		<Correlation factor1="FX:GBPEUR" index1="0" factor2="INF:UKRPI" index2="0">0</Correlation>
		<Correlation factor1="FX:GBPEUR" index1="0" factor2="INF:UKRPI" index2="1">0</Correlation>
		<Correlation factor1="INF:EUHICPXT" index1="0" factor2="INF:EUHICPXT" index2="1">0</Correlation>
		<Correlation factor1="INF:EUHICPXT" index1="0" factor2="INF:UKRPI" index2="0">0</Correlation>
		<Correlation factor1="INF:EUHICPXT" index1="0" factor2="INF:UKRPI" index2="1">0</Correlation>
		<Correlation factor1="INF:EUHICPXT" index1="1" factor2="INF:UKRPI" index2="0">0</Correlation>
		<Correlation factor1="INF:EUHICPXT" index1="1" factor2="INF:UKRPI" index2="1">0</Correlation>
		<Correlation factor1="INF:UKRPI" index1="0" factor2="INF:UKRPI" index2="1">0</Correlation>
	</InstantaneousCorrelations>
</CrossAssetModel>

