#NettingSet,Date,Time,EPE,ENE,PFE,ExpectedCollateral,BaselEE,BaselEEE,TimeWeightedBaselEPE,TimeWeightedBaselEEPE
CPTY_A,2016-02-05,0.000000,0.00,8087292.72,0.00,-8087292.72,0.00,0.00,0.00,0.00
CPTY_A,2016-02-12,0.019126,0.00,8004436.30,0.00,0.00,0.00,0.00,0.00,0.00
CPTY_A,2016-02-19,0.038251,17511.21,7923151.38,0.00,0.00,17510.40,17510.40,8755.20,8755.20
CPTY_A,2016-02-26,0.057377,71188.56,8112289.93,0.00,0.00,71182.99,71182.99,29564.46,29564.46
CPTY_A,2016-03-04,0.076503,56405.41,8658723.19,0.00,0.00,56398.36,71182.99,36272.94,39969.09
CPTY_A,2016-03-11,0.095628,0.00,0.00,0.00,0.00,0.00,71182.99,0.00,0.00
