{ "@timestamp": "2023-12-06T10:09:16.543824", "key": "Running XVA Analytic", "progress": 0, "total": 1 }
{ "@timestamp": "2023-12-06T10:09:16.544759", "key": "XVA: Build Today's Market", "progress": 0, "total": 1 }
{ "@timestamp": "2023-12-06T10:09:16.785485", "key": "XVA: Build Today's Market", "progress": 1, "total": 1 }
{ "@timestamp": "2023-12-06T10:09:17.156354", "key": "XVA: Build Portfolio", "progress": 0, "total": 1 }
{ "@timestamp": "2023-12-06T10:09:17.157244", "key": "XVA: Build Portfolio", "progress": 1, "total": 1 }
{ "@timestamp": "2023-12-06T10:09:17.157724", "key": "XVA: Building cube", "progress": 0, "total": 50 }
{ "@timestamp": "2023-12-06T10:09:19.017600", "key": "XVA: Building cube", "progress": 1, "total": 50 }
{ "@timestamp": "2023-12-06T10:09:19.057122", "key": "XVA: Building cube", "progress": 2, "total": 50 }
{ "@timestamp": "2023-12-06T10:09:19.094944", "key": "XVA: Building cube", "progress": 3, "total": 50 }
{ "@timestamp": "2023-12-06T10:09:19.132662", "key": "XVA: Building cube", "progress": 4, "total": 50 }
{ "@timestamp": "2023-12-06T10:09:19.167707", "key": "XVA: Building cube", "progress": 5, "total": 50 }
{ "@timestamp": "2023-12-06T10:09:19.206862", "key": "XVA: Building cube", "progress": 6, "total": 50 }
{ "@timestamp": "2023-12-06T10:09:19.244843", "key": "XVA: Building cube", "progress": 7, "total": 50 }
{ "@timestamp": "2023-12-06T10:09:19.280504", "key": "XVA: Building cube", "progress": 8, "total": 50 }
{ "@timestamp": "2023-12-06T10:09:19.316893", "key": "XVA: Building cube", "progress": 9, "total": 50 }
{ "@timestamp": "2023-12-06T10:09:19.352998", "key": "XVA: Building cube", "progress": 10, "total": 50 }
{ "@timestamp": "2023-12-06T10:09:19.393257", "key": "XVA: Building cube", "progress": 11, "total": 50 }
{ "@timestamp": "2023-12-06T10:09:19.430602", "key": "XVA: Building cube", "progress": 12, "total": 50 }
{ "@timestamp": "2023-12-06T10:09:19.466360", "key": "XVA: Building cube", "progress": 13, "total": 50 }
{ "@timestamp": "2023-12-06T10:09:19.503001", "key": "XVA: Building cube", "progress": 14, "total": 50 }
{ "@timestamp": "2023-12-06T10:09:19.538736", "key": "XVA: Building cube", "progress": 15, "total": 50 }
{ "@timestamp": "2023-12-06T10:09:19.580541", "key": "XVA: Building cube", "progress": 16, "total": 50 }
{ "@timestamp": "2023-12-06T10:09:19.632131", "key": "XVA: Building cube", "progress": 17, "total": 50 }
{ "@timestamp": "2023-12-06T10:09:19.683380", "key": "XVA: Building cube", "progress": 18, "total": 50 }
{ "@timestamp": "2023-12-06T10:09:19.725942", "key": "XVA: Building cube", "progress": 19, "total": 50 }
{ "@timestamp": "2023-12-06T10:09:19.762794", "key": "XVA: Building cube", "progress": 20, "total": 50 }
{ "@timestamp": "2023-12-06T10:09:19.808378", "key": "XVA: Building cube", "progress": 21, "total": 50 }
{ "@timestamp": "2023-12-06T10:09:19.845240", "key": "XVA: Building cube", "progress": 22, "total": 50 }
{ "@timestamp": "2023-12-06T10:09:19.881985", "key": "XVA: Building cube", "progress": 23, "total": 50 }
{ "@timestamp": "2023-12-06T10:09:19.917985", "key": "XVA: Building cube", "progress": 24, "total": 50 }
{ "@timestamp": "2023-12-06T10:09:19.954271", "key": "XVA: Building cube", "progress": 25, "total": 50 }
{ "@timestamp": "2023-12-06T10:09:19.990855", "key": "XVA: Building cube", "progress": 26, "total": 50 }
{ "@timestamp": "2023-12-06T10:09:20.027549", "key": "XVA: Building cube", "progress": 27, "total": 50 }
{ "@timestamp": "2023-12-06T10:09:20.063315", "key": "XVA: Building cube", "progress": 28, "total": 50 }
{ "@timestamp": "2023-12-06T10:09:20.100467", "key": "XVA: Building cube", "progress": 29, "total": 50 }
{ "@timestamp": "2023-12-06T10:09:20.137037", "key": "XVA: Building cube", "progress": 30, "total": 50 }
{ "@timestamp": "2023-12-06T10:09:20.173933", "key": "XVA: Building cube", "progress": 31, "total": 50 }
{ "@timestamp": "2023-12-06T10:09:20.210345", "key": "XVA: Building cube", "progress": 32, "total": 50 }
{ "@timestamp": "2023-12-06T10:09:20.246263", "key": "XVA: Building cube", "progress": 33, "total": 50 }
{ "@timestamp": "2023-12-06T10:09:20.283729", "key": "XVA: Building cube", "progress": 34, "total": 50 }
{ "@timestamp": "2023-12-06T10:09:20.320632", "key": "XVA: Building cube", "progress": 35, "total": 50 }
{ "@timestamp": "2023-12-06T10:09:20.356861", "key": "XVA: Building cube", "progress": 36, "total": 50 }
{ "@timestamp": "2023-12-06T10:09:20.394048", "key": "XVA: Building cube", "progress": 37, "total": 50 }
{ "@timestamp": "2023-12-06T10:09:20.432602", "key": "XVA: Building cube", "progress": 38, "total": 50 }
{ "@timestamp": "2023-12-06T10:09:20.471604", "key": "XVA: Building cube", "progress": 39, "total": 50 }
{ "@timestamp": "2023-12-06T10:09:20.508177", "key": "XVA: Building cube", "progress": 40, "total": 50 }
{ "@timestamp": "2023-12-06T10:09:20.559814", "key": "XVA: Building cube", "progress": 41, "total": 50 }
{ "@timestamp": "2023-12-06T10:09:20.595903", "key": "XVA: Building cube", "progress": 42, "total": 50 }
{ "@timestamp": "2023-12-06T10:09:20.632110", "key": "XVA: Building cube", "progress": 43, "total": 50 }
{ "@timestamp": "2023-12-06T10:09:20.667877", "key": "XVA: Building cube", "progress": 44, "total": 50 }
{ "@timestamp": "2023-12-06T10:09:20.705860", "key": "XVA: Building cube", "progress": 45, "total": 50 }
{ "@timestamp": "2023-12-06T10:09:20.741590", "key": "XVA: Building cube", "progress": 46, "total": 50 }
{ "@timestamp": "2023-12-06T10:09:20.778676", "key": "XVA: Building cube", "progress": 47, "total": 50 }
{ "@timestamp": "2023-12-06T10:09:20.815369", "key": "XVA: Building cube", "progress": 48, "total": 50 }
{ "@timestamp": "2023-12-06T10:09:20.851010", "key": "XVA: Building cube", "progress": 49, "total": 50 }
{ "@timestamp": "2023-12-06T10:09:20.888031", "key": "XVA: Building cube", "progress": 50, "total": 50 }
{ "@timestamp": "2023-12-06T10:09:20.889876", "key": "XVA: Aggregation", "progress": 0, "total": 1 }
{ "@timestamp": "2023-12-06T10:09:20.895773", "key": "XVA: Aggregation", "progress": 1, "total": 1 }
{ "@timestamp": "2023-12-06T10:09:20.895805", "key": "XVA: Reports", "progress": 0, "total": 1 }
{ "@timestamp": "2023-12-06T10:09:20.897176", "key": "XVA: Reports", "progress": 1, "total": 1 }
{ "@timestamp": "2023-12-06T10:09:20.897201", "key": "Running XVA Analytic", "progress": 1, "total": 1 }
