{ "@timestamp": "2024-02-06T18:31:25.488039", "key": "Running XVA Analytic", "progress": 0, "total": 1 }
{ "@timestamp": "2024-02-06T18:31:25.489040", "key": "XVA: Build Today's Market", "progress": 0, "total": 1 }
{ "@timestamp": "2024-02-06T18:31:25.885032", "key": "XVA: Build Today's Market", "progress": 1, "total": 1 }
{ "@timestamp": "2024-02-06T18:31:25.952030", "key": "XVA: Load Cubes", "progress": 0, "total": 1 }
{ "@timestamp": "2024-02-06T18:31:25.953031", "key": "XVA: Load Cubes", "progress": 1, "total": 1 }
{ "@timestamp": "2024-02-06T18:31:25.999029", "key": "XVA: Aggregation", "progress": 0, "total": 1 }
{ "@timestamp": "2024-02-06T18:31:26.254024", "key": "XVA: Aggregation", "progress": 1, "total": 1 }
{ "@timestamp": "2024-02-06T18:31:26.254024", "key": "XVA: Reports", "progress": 0, "total": 1 }
{ "@timestamp": "2024-02-06T18:31:26.283023", "key": "XVA: Reports", "progress": 1, "total": 1 }
{ "@timestamp": "2024-02-06T18:31:26.283023", "key": "Running XVA Analytic", "progress": 1, "total": 1 }
