<CrossAssetModel>
	<DomesticCcy>EUR</DomesticCcy>
	<Currencies>
		<Currency>EUR</Currency>
		<Currency>USD</Currency>
		<Currency>GBP</Currency>
		<Currency>CHF</Currency>
		<Currency>JPY</Currency>
	</Currencies>
	<Equities/>
	<InflationIndices/>
	<CreditNames>
		<CreditName>CPTY_A</CreditName>
		<CreditName>CPTY_B</CreditName>
		<CreditName>BANK</CreditName>
	</CreditNames>
	<Commodities/>
	<BootstrapTolerance>0.0001</BootstrapTolerance>
	<Measure/>
	<Discretization>Exact</Discretization>
	<SalvagingAlgorithm>None</SalvagingAlgorithm>
	<IntegrationPolicy/>
	<PiecewiseIntegration>true</PiecewiseIntegration>
	<InterestRateModels>
		<LGM key="EUR">
			<CalibrationType>Bootstrap</CalibrationType>
			<Volatility>
				<Calibrate>false</Calibrate>
				<VolatilityType>Hagan</VolatilityType>
				<ParamType>Piecewise</ParamType>
				<TimeGrid>1.00548, 2.0027397260273974, 4.0027397260273974, 6.0109589041095894, 8.0054794520547947, 10.008219178082191, 12.013698630136986, 14.010958904109589, 16.010958904109589, 18.016438356164382</TimeGrid>
				<InitialValue>0.0106964, 0.010402243447878552, 0.010747828833924533, 0.011273748006666477, 0.012142735313596584, 0.013511173484149045, 0.01404433906514406, 0.013626446166579268, 0.01566699284479595, 0.014688330368925551, 0.0089598105679339658</InitialValue>
			</Volatility>
			<Reversion>
				<Calibrate>false</Calibrate>
				<ReversionType>HullWhite</ReversionType>
				<ParamType>Constant</ParamType>
				<TimeGrid/>
				<InitialValue>0.03</InitialValue>
			</Reversion>
			<ParameterTransformation>
				<ShiftHorizon>0.0000000000000000</ShiftHorizon>
				<Scaling>1</Scaling>
			</ParameterTransformation>
			<FloatSpreadMapping>ProRata</FloatSpreadMapping>
			<CalibrationSwaptions>
				<Expiries>1Y, 2Y, 4Y, 6Y, 8Y, 10Y, 12Y, 14Y, 16Y, 18Y, 19Y</Expiries>
				<Terms>19Y, 18Y, 16Y, 14Y, 12Y, 10Y, 8Y, 6Y, 4Y, 2Y, 1Y</Terms>
				<Strikes>ATM, ATM, ATM, ATM, ATM, ATM, ATM, ATM, ATM, ATM, ATM</Strikes>
			</CalibrationSwaptions>
		</LGM>
		<LGM key="USD">
			<CalibrationType>Bootstrap</CalibrationType>
			<Volatility>
				<Calibrate>false</Calibrate>
				<VolatilityType>Hagan</VolatilityType>
				<ParamType>Piecewise</ParamType>
				<TimeGrid>1.00548, 2.0027397260273974, 4.0027397260273974, 6.0109589041095894, 8.0054794520547947, 10.008219178082191, 12.013698630136986, 14.010958904109589, 16.010958904109589, 18.016438356164382</TimeGrid>
				<InitialValue>0.0124353, 0.012410192969696848, 0.012011122010994045, 0.012959052219084272, 0.013501613234930867, 0.01298473428370594, 0.013364385843332693, 0.012170179582370294, 0.011375010326476883, 0.013267366224448547, 0.014648799702541345</InitialValue>
			</Volatility>
			<Reversion>
				<Calibrate>false</Calibrate>
				<ReversionType>HullWhite</ReversionType>
				<ParamType>Constant</ParamType>
				<TimeGrid/>
				<InitialValue>0.03</InitialValue>
			</Reversion>
			<ParameterTransformation>
				<ShiftHorizon>0.0000000000000000</ShiftHorizon>
				<Scaling>1</Scaling>
			</ParameterTransformation>
			<FloatSpreadMapping>ProRata</FloatSpreadMapping>
			<CalibrationSwaptions>
				<Expiries>1Y, 2Y, 4Y, 6Y, 8Y, 10Y, 12Y, 14Y, 16Y, 18Y, 19Y</Expiries>
				<Terms>19Y, 18Y, 16Y, 14Y, 12Y, 10Y, 8Y, 6Y, 4Y, 2Y, 1Y</Terms>
				<Strikes>ATM, ATM, ATM, ATM, ATM, ATM, ATM, ATM, ATM, ATM, ATM</Strikes>
			</CalibrationSwaptions>
		</LGM>
		<LGM key="GBP">
			<CalibrationType>Bootstrap</CalibrationType>
			<Volatility>
				<Calibrate>false</Calibrate>
				<VolatilityType>Hagan</VolatilityType>
				<ParamType>Piecewise</ParamType>
				<TimeGrid>1.00548, 2.0027397260273974, 4.0027397260273974, 6.0109589041095894, 8.0054794520547947, 10.008219178082191, 12.013698630136986, 14.010958904109589, 16.010958904109589, 18.016438356164382</TimeGrid>
				<InitialValue>0.0125644, 0.01250566688607602, 0.011784817553860918, 0.011533890603363788, 0.011548669060735114, 0.011009896342652193, 0.01271726631615586, 0.01255911951076878, 0.015198203853826711, 0.019991968937643059, 0.031544816309178367</InitialValue>
			</Volatility>
			<Reversion>
				<Calibrate>false</Calibrate>
				<ReversionType>HullWhite</ReversionType>
				<ParamType>Constant</ParamType>
				<TimeGrid/>
				<InitialValue>0.03</InitialValue>
			</Reversion>
			<ParameterTransformation>
				<ShiftHorizon>0.0000000000000000</ShiftHorizon>
				<Scaling>1</Scaling>
			</ParameterTransformation>
			<FloatSpreadMapping>ProRata</FloatSpreadMapping>
			<CalibrationSwaptions>
				<Expiries>1Y, 2Y, 4Y, 6Y, 8Y, 10Y, 12Y, 14Y, 16Y, 18Y, 19Y</Expiries>
				<Terms>19Y, 18Y, 16Y, 14Y, 12Y, 10Y, 8Y, 6Y, 4Y, 2Y, 1Y</Terms>
				<Strikes>ATM, ATM, ATM, ATM, ATM, ATM, ATM, ATM, ATM, ATM, ATM</Strikes>
			</CalibrationSwaptions>
		</LGM>
		<LGM key="CHF">
			<CalibrationType>Bootstrap</CalibrationType>
			<Volatility>
				<Calibrate>false</Calibrate>
				<VolatilityType>Hagan</VolatilityType>
				<ParamType>Piecewise</ParamType>
				<TimeGrid>1.00548, 2.0027397260273974, 4.0027397260273974, 6.0109589041095894, 8.0054794520547947, 10.008219178082191, 12.013698630136986, 14.010958904109589, 16.010958904109589, 18.016438356164382</TimeGrid>
				<InitialValue>0.0101661, 0.0099521537992619171, 0.011389231453981694, 0.013377351088503511, 0.013183066623851837, 0.012877139125069837, 0.01004598157626938, 0.0074623814196773637, 0.0082583081680372896, 0.018299229202714509, 0.023768180621313931</InitialValue>
			</Volatility>
			<Reversion>
				<Calibrate>false</Calibrate>
				<ReversionType>HullWhite</ReversionType>
				<ParamType>Constant</ParamType>
				<TimeGrid/>
				<InitialValue>0.03</InitialValue>
			</Reversion>
			<ParameterTransformation>
				<ShiftHorizon>0.0000000000000000</ShiftHorizon>
				<Scaling>1</Scaling>
			</ParameterTransformation>
			<FloatSpreadMapping>ProRata</FloatSpreadMapping>
			<CalibrationSwaptions>
				<Expiries>1Y, 2Y, 4Y, 6Y, 8Y, 10Y, 12Y, 14Y, 16Y, 18Y, 19Y</Expiries>
				<Terms>19Y, 18Y, 16Y, 14Y, 12Y, 10Y, 8Y, 6Y, 4Y, 2Y, 1Y</Terms>
				<Strikes>ATM, ATM, ATM, ATM, ATM, ATM, ATM, ATM, ATM, ATM, ATM</Strikes>
			</CalibrationSwaptions>
		</LGM>
		<LGM key="JPY">
			<CalibrationType>Bootstrap</CalibrationType>
			<Volatility>
				<Calibrate>false</Calibrate>
				<VolatilityType>Hagan</VolatilityType>
				<ParamType>Piecewise</ParamType>
				<TimeGrid>1.00548, 2.0027397260273974, 4.0027397260273974, 6.0109589041095894, 8.0054794520547947, 10.008219178082191, 12.013698630136986, 14.010958904109589, 16.010958904109589, 18.016438356164382</TimeGrid>
				<InitialValue>0.0101661, 0.0099521537992619171, 0.011389231453981694, 0.013377351088503511, 0.013183066623851837, 0.012877139125069837, 0.01004598157626938, 0.0074623814196773637, 0.0082583081680372896, 0.018299229202714509, 0.023768180621313931</InitialValue>
			</Volatility>
			<Reversion>
				<Calibrate>false</Calibrate>
				<ReversionType>HullWhite</ReversionType>
				<ParamType>Constant</ParamType>
				<TimeGrid/>
				<InitialValue>0.03</InitialValue>
			</Reversion>
			<ParameterTransformation>
				<ShiftHorizon>0.0000000000000000</ShiftHorizon>
				<Scaling>1</Scaling>
			</ParameterTransformation>
			<FloatSpreadMapping>ProRata</FloatSpreadMapping>
			<CalibrationSwaptions>
				<Expiries>1Y, 2Y, 4Y, 6Y, 8Y, 10Y, 12Y, 14Y, 16Y, 18Y, 19Y</Expiries>
				<Terms>19Y, 18Y, 16Y, 14Y, 12Y, 10Y, 8Y, 6Y, 4Y, 2Y, 1Y</Terms>
				<Strikes>ATM, ATM, ATM, ATM, ATM, ATM, ATM, ATM, ATM, ATM, ATM</Strikes>
			</CalibrationSwaptions>
		</LGM>
	</InterestRateModels>
	<ForeignExchangeModels>
		<CrossCcyLGM foreignCcy="USD">
			<DomesticCcy>EUR</DomesticCcy>
			<CalibrationType>Bootstrap</CalibrationType>
			<Sigma>
				<Calibrate>false</Calibrate>
				<ParamType>Piecewise</ParamType>
				<TimeGrid>1.00274, 2.0027397260273974, 3.0027397260273974, 4.0027397260273974, 5.0054794520547947</TimeGrid>
				<InitialValue>0.120575, 0.11839078745748147, 0.12374561842267762, 0.1346056810011706, 0.13047680361898858, 0.1118611263322184</InitialValue>
			</Sigma>
			<CalibrationOptions>
				<Expiries>1Y, 2Y, 3Y, 4Y, 5Y, 10Y</Expiries>
				<Strikes>ATMF, ATMF, ATMF, ATMF, ATMF, ATMF</Strikes>
			</CalibrationOptions>
		</CrossCcyLGM>
		<CrossCcyLGM foreignCcy="GBP">
			<DomesticCcy>EUR</DomesticCcy>
			<CalibrationType>Bootstrap</CalibrationType>
			<Sigma>
				<Calibrate>false</Calibrate>
				<ParamType>Piecewise</ParamType>
				<TimeGrid>1.00274, 2.0027397260273974, 3.0027397260273974, 4.0027397260273974, 5.0054794520547947</TimeGrid>
				<InitialValue>0.129551, 0.12705293051761848, 0.12888428131213234, 0.12541029789139779, 0.12101498575219345, 0.1021649341135366</InitialValue>
			</Sigma>
			<CalibrationOptions>
				<Expiries>1Y, 2Y, 3Y, 4Y, 5Y, 10Y</Expiries>
				<Strikes>ATMF, ATMF, ATMF, ATMF, ATMF, ATMF</Strikes>
			</CalibrationOptions>
		</CrossCcyLGM>
		<CrossCcyLGM foreignCcy="CHF">
			<DomesticCcy>EUR</DomesticCcy>
			<CalibrationType>Bootstrap</CalibrationType>
			<Sigma>
				<Calibrate>false</Calibrate>
				<ParamType>Piecewise</ParamType>
				<TimeGrid>1.00274, 2.0027397260273974, 3.0027397260273974, 4.0027397260273974, 5.0054794520547947</TimeGrid>
				<InitialValue>0.0925159, 0.10217136247068405, 0.11094454571757319, 0.11449002483725586, 0.13525529400761888, 0.1209327260265514</InitialValue>
			</Sigma>
			<CalibrationOptions>
				<Expiries>1Y, 2Y, 3Y, 4Y, 5Y, 10Y</Expiries>
				<Strikes>ATMF, ATMF, ATMF, ATMF, ATMF, ATMF</Strikes>
			</CalibrationOptions>
		</CrossCcyLGM>
		<CrossCcyLGM foreignCcy="JPY">
			<DomesticCcy>EUR</DomesticCcy>
			<CalibrationType>Bootstrap</CalibrationType>
			<Sigma>
				<Calibrate>false</Calibrate>
				<ParamType>Piecewise</ParamType>
				<TimeGrid>1.00274, 2.0027397260273974, 3.0027397260273974, 4.0027397260273974, 5.0054794520547947</TimeGrid>
				<InitialValue>0.137409, 0.13753998714863475, 0.13451635993884567, 0.13096138699037793, 0.143886738699812, 0.13619371416103609</InitialValue>
			</Sigma>
			<CalibrationOptions>
				<Expiries>1Y, 2Y, 3Y, 4Y, 5Y, 10Y</Expiries>
				<Strikes>ATMF, ATMF, ATMF, ATMF, ATMF, ATMF</Strikes>
			</CalibrationOptions>
		</CrossCcyLGM>
	</ForeignExchangeModels>
	<EquityModels/>
	<InflationIndexModels/>
	<CreditModels>
		<LGM name="CPTY_A">
			<CalibrationType>None</CalibrationType>
			<Volatility>
				<Calibrate>false</Calibrate>
				<VolatilityType>Hagan</VolatilityType>
				<ParamType>Constant</ParamType>
				<TimeGrid/>
				<InitialValue>0.01</InitialValue>
			</Volatility>
			<Reversion>
				<Calibrate>false</Calibrate>
				<ReversionType>HullWhite</ReversionType>
				<ParamType>Constant</ParamType>
				<TimeGrid/>
				<InitialValue>0.03</InitialValue>
			</Reversion>
			<ParameterTransformation>
				<ShiftHorizon>0.0000000000000000</ShiftHorizon>
				<Scaling>1</Scaling>
			</ParameterTransformation>
			<FloatSpreadMapping>ProRata</FloatSpreadMapping>
			<CalibrationCdsOptions>
				<Expiries>1Y, 2Y, 4Y, 6Y, 8Y, 10Y, 12Y, 14Y, 16Y, 18Y, 19Y</Expiries>
				<Terms>19Y, 18Y, 16Y, 14Y, 12Y, 10Y, 8Y, 6Y, 4Y, 2Y, 1Y</Terms>
				<Strikes>ATM, ATM, ATM, ATM, ATM, ATM, ATM, ATM, ATM, ATM, ATM</Strikes>
			</CalibrationCdsOptions>
		</LGM>
		<LGM name="CPTY_B">
			<CalibrationType>None</CalibrationType>
			<Volatility>
				<Calibrate>false</Calibrate>
				<VolatilityType>Hagan</VolatilityType>
				<ParamType>Constant</ParamType>
				<TimeGrid/>
				<InitialValue>0.01</InitialValue>
			</Volatility>
			<Reversion>
				<Calibrate>false</Calibrate>
				<ReversionType>HullWhite</ReversionType>
				<ParamType>Constant</ParamType>
				<TimeGrid/>
				<InitialValue>0.03</InitialValue>
			</Reversion>
			<ParameterTransformation>
				<ShiftHorizon>0.0000000000000000</ShiftHorizon>
				<Scaling>1</Scaling>
			</ParameterTransformation>
			<FloatSpreadMapping>ProRata</FloatSpreadMapping>
			<CalibrationCdsOptions>
				<Expiries>1Y, 2Y, 4Y, 6Y, 8Y, 10Y, 12Y, 14Y, 16Y, 18Y, 19Y</Expiries>
				<Terms>19Y, 18Y, 16Y, 14Y, 12Y, 10Y, 8Y, 6Y, 4Y, 2Y, 1Y</Terms>
				<Strikes>ATM, ATM, ATM, ATM, ATM, ATM, ATM, ATM, ATM, ATM, ATM</Strikes>
			</CalibrationCdsOptions>
		</LGM>
		<LGM name="BANK">
			<CalibrationType>None</CalibrationType>
			<Volatility>
				<Calibrate>false</Calibrate>
				<VolatilityType>Hagan</VolatilityType>
				<ParamType>Constant</ParamType>
				<TimeGrid/>
				<InitialValue>0.01</InitialValue>
			</Volatility>
			<Reversion>
				<Calibrate>false</Calibrate>
				<ReversionType>HullWhite</ReversionType>
				<ParamType>Constant</ParamType>
				<TimeGrid/>
				<InitialValue>0.03</InitialValue>
			</Reversion>
			<ParameterTransformation>
				<ShiftHorizon>0.0000000000000000</ShiftHorizon>
				<Scaling>1</Scaling>
			</ParameterTransformation>
			<FloatSpreadMapping>ProRata</FloatSpreadMapping>
			<CalibrationCdsOptions>
				<Expiries>1Y, 2Y, 4Y, 6Y, 8Y, 10Y, 12Y, 14Y, 16Y, 18Y, 19Y</Expiries>
				<Terms>19Y, 18Y, 16Y, 14Y, 12Y, 10Y, 8Y, 6Y, 4Y, 2Y, 1Y</Terms>
				<Strikes>ATM, ATM, ATM, ATM, ATM, ATM, ATM, ATM, ATM, ATM, ATM</Strikes>
			</CalibrationCdsOptions>
		</LGM>
	</CreditModels>
	<CommodityModels/>
	<CreditStates>
		<NumberOfFactors>0</NumberOfFactors>
	</CreditStates>
	<InstantaneousCorrelations>
		<Correlation factor1="IR:EUR" index1="0" factor2="IR:GBP" index2="0">0.3</Correlation>
		<Correlation factor1="IR:EUR" index1="0" factor2="IR:USD" index2="0">0.3</Correlation>
		<Correlation factor1="IR:EUR" index1="0" factor2="FX:GBPEUR" index2="0">0</Correlation>
		<Correlation factor1="IR:EUR" index1="0" factor2="FX:USDEUR" index2="0">0</Correlation>
		<Correlation factor1="IR:EUR" index1="0" factor2="CR:CPTY_A" index2="0">0</Correlation>
		<Correlation factor1="IR:GBP" index1="0" factor2="IR:USD" index2="0">0.3</Correlation>
		<Correlation factor1="IR:GBP" index1="0" factor2="FX:GBPEUR" index2="0">0</Correlation>
		<Correlation factor1="IR:GBP" index1="0" factor2="FX:USDEUR" index2="0">0</Correlation>
		<Correlation factor1="IR:USD" index1="0" factor2="FX:GBPEUR" index2="0">0</Correlation>
		<Correlation factor1="IR:USD" index1="0" factor2="FX:USDEUR" index2="0">0</Correlation>
		<Correlation factor1="FX:GBPEUR" index1="0" factor2="FX:USDEUR" index2="0">0</Correlation>
		<Correlation factor1="CR:CPTY_A" index1="0" factor2="CR:CPTY_B" index2="0">0.8</Correlation>
	</InstantaneousCorrelations>
</CrossAssetModel>

