#TradeId,NettingSetId,CVA,DVA,FBA,FCA,FBAexOwnSP,FCAexOwnSP,FBAexAllSP,FCAexAllSP,COLVA,MVA,OurKVACCR,TheirKVACCR,OurKVACVA,TheirKVACVA,CollateralFloor,AllocatedCVA,AllocatedDVA,AllocationMethod,BaselEPE,BaselEEPE
,CPTY_A,66159.10,2625783.53,1252403.94,-9424.34,1347072.55,-11094.51,1408165.46,-12240.29,0.00,-31280.71,0.00,0.00,0.00,0.00,0.00,66159.10,2625783.53,None,0.00,0.00
BermSwp,CPTY_A,4544.04,0.00,0.00,-672.01,0.00,-762.01,0.00,-823.55,#N/A,#N/A,#N/A,#N/A,#N/A,#N/A,#N/A,0.00,0.00,None,53828.04,53838.16
CC_SWAP_EUR_USD,CPTY_A,39357.38,2653341.03,1266453.58,-5822.32,1360466.87,-6600.02,1420935.36,-7111.35,#N/A,#N/A,#N/A,#N/A,#N/A,#N/A,#N/A,0.00,0.00,None,0.00,0.00
FX_CALL_OPTION,CPTY_A,15638.41,0.00,0.00,-2420.48,0.00,-2622.48,0.00,-2753.12,#N/A,#N/A,#N/A,#N/A,#N/A,#N/A,#N/A,0.00,0.00,None,273750.13,273989.29
Swap_EUR,CPTY_A,41459.36,70630.92,32509.38,-6093.15,37204.49,-6952.50,40424.30,-7540.26,#N/A,#N/A,#N/A,#N/A,#N/A,#N/A,#N/A,0.00,0.00,None,257041.42,258703.11
Swap_USD,CPTY_A,48617.38,37142.11,17259.60,-7170.53,19430.49,-8152.85,20908.07,-8821.34,#N/A,#N/A,#N/A,#N/A,#N/A,#N/A,#N/A,0.00,0.00,None,271125.45,271125.45
