#TradeId,NettingSetId,CVA,DVA,FBA,FCA,FBAexOwnSP,FCAexOwnSP,FBAexAllSP,FCAexAllSP,COLVA,MVA,OurKVACCR,TheirKVACCR,OurKVACVA,TheirKVACVA,CollateralFloor,AllocatedCVA,AllocatedDVA,AllocationMethod,BaselEPE,BaselEEPE
,CPTY_A,63602.14,2626807.78,1253004.01,-9047.35,1347506.89,-10665.72,1408487.40,-11777.27,0.00,-26652.15,0.00,0.00,0.00,0.00,0.00,63602.14,2626807.78,None,0.00,0.00
BermSwp,CPTY_A,4553.26,51.25,21.80,-673.49,28.49,-763.56,33.42,-825.13,#N/A,#N/A,#N/A,#N/A,#N/A,#N/A,#N/A,0.00,0.00,None,53418.47,53418.47
CC_SWAP_EUR_USD,CPTY_A,37085.50,2655167.68,1267436.96,-5489.62,1361312.37,-6219.04,1421685.89,-6698.36,#N/A,#N/A,#N/A,#N/A,#N/A,#N/A,#N/A,0.00,0.00,None,0.00,0.00
FX_CALL_OPTION,CPTY_A,15774.94,0.00,0.00,-2441.86,0.00,-2645.38,0.00,-2776.97,#N/A,#N/A,#N/A,#N/A,#N/A,#N/A,#N/A,0.00,0.00,None,273389.98,273389.98
Swap_EUR,CPTY_A,41455.36,70602.31,32497.25,-6091.77,37188.58,-6951.83,40405.89,-7540.12,#N/A,#N/A,#N/A,#N/A,#N/A,#N/A,#N/A,0.00,0.00,None,178016.17,178016.17
Swap_USD,CPTY_A,48661.28,37088.89,17235.99,-7178.58,19401.77,-8160.22,20875.84,-8828.25,#N/A,#N/A,#N/A,#N/A,#N/A,#N/A,#N/A,0.00,0.00,None,216616.47,216616.47
